{
    "schemes": [
        "http",
        "https"
    ],
    "swagger": "2.0",
    "info": {
        "contact": {},
        "license": {}
    },
    "host": "petstore.swagger.io",
    "basePath": "/v2",
    "paths": {},
    "x-google-endpoints": [
        {
            "allowCors": true,
            "name": "name.endpoints.environment.cloud.goog"
        }
    ],
    "x-google-marks": "marks values"
}